bun : $ next build
At line:1 char:1
+ bun run build > build_output.txt 2>&1
+ ~~~~~~~~~~~~~~~~~~~~~~~~~~~~~~~~~~~~~
    + CategoryInfo          : NotSpeci 
   fied: ($ next build:String) [], Re  
  moteException
    + FullyQualifiedErrorId : NativeCo 
   mmandError
 
Γû▓ Next.js 16.1.6 (Turbopack)
- Environments: .env.local
- Experiments (use with caution):
  ┬╖ serverActions

ΓÜá The "middleware" file convention 
is deprecated. Please use "proxy" 
instead. Learn more: https://nextjs.org
/docs/messages/middleware-to-proxy
  Creating an optimized production build ...
Γ£ô Compiled successfully in 6.8s
  Running TypeScript ...
  Collecting page data using 7 workers ...
  Generating static pages using 7 workers (0/10) ...
  Generating static pages using 7 workers (2/10) 
  Generating static pages using 7 workers (4/10) 
  Generating static pages using 7 workers (7/10) 
Γ£ô Generating static pages using 7 workers (10/10) in 185.6ms
  Finalizing page optimization ...

Route (app)
Γöî ╞Æ /
Γö£ Γùï /_not-found
Γö£ ╞Æ /api/account/update
Γö£ ╞Æ /api/assets/update-meta
Γö£ ╞Æ /api/auth/[...path]
Γö£ ╞Æ /api/bookmark
Γö£ ╞Æ /api/logout
Γö£ ╞Æ /api/tags
Γö£ ╞Æ /api/thumb/[...key]
Γö£ ╞Æ /api/upload
Γö£ ╞Æ /artist/[name]
Γö£ ╞Æ /dashboard
Γö£ ╞Æ /gallery/[uuid]
Γö£ ╞Æ /image/[uuid]
Γö£ ╞Æ /login
Γö£ ╞Æ /saved
Γö£ ╞Æ /search
Γö£ ╞Æ /show/[uuid]
Γö£ ╞Æ /streams
Γö£ ╞Æ /user
Γö£ ╞Æ /video/[uuid]
Γöö ╞Æ /visuals


╞Æ Proxy (Middleware)

Γùï  (Static)   prerendered as static content
╞Æ  (Dynamic)  server-rendered on demand

